--- TESTANDO ROOSEVELT IA (PROMPT RIGOROSO) ---


User: "Quanto custa para fazer a contabilidade mensal?"
Roosevelt IA: "Nossa proposta de contabilidade mensal ├® personalizada e varia de acordo com as necessidades espec├¡ficas da sua empresa. N├úo temos uma tabela fixa de pre├ºos, pois entendemos que cada empresa ├® ├║nica e tem suas pr├│prias necessidades.

Para que possamos entender melhor as suas necessidades e fornecer uma proposta personalizada, gostar├¡amos que voc├¬ preenchesse nosso formul├írio de proposta. Nele, voc├¬ poder├í fornecer informa├º├Áes sobre a sua empresa e receber├í uma proposta com 3 op├º├Áes de planos: START, GOLD e PREMIUM.

Clique aqui para acessar o formul├írio: https://forms.gle/3YWG1ALy9exLhRZb6

Dessa forma, poderemos entender melhor as suas necessidades e fornecer uma proposta que atenda ├ás suas expectativas."
--------------------------------------------------

User: "Quero abrir uma empresa em Florian├│polis (SC)."
Roosevelt IA: "Para abrir uma empresa em Florian├│polis, ├® importante saber que a Roosevelt Contabilidade atua apenas no Rio Grande do Sul. Portanto, n├úo podemos realizar a abertura da sua empresa em Santa Catarina.

Se voc├¬ estiver disposto a abrir a empresa no Rio Grande do Sul, posso fornecer mais informa├º├Áes sobre o processo e os custos. Caso contr├írio, posso ajudar a encontrar um contador ou escrit├│rio de contabilidade em Florian├│polis que possa atend├¬-lo.

Voc├¬ gostaria de saber mais sobre o processo de abertura de empresa no Rio Grande do Sul ou precisa de ajuda para encontrar um contador em Santa Catarina?"
--------------------------------------------------

User: "Sou MEI e quero que voc├¬s cuidem da minha contabilidade todo m├¬s."
Roosevelt IA: "Infelizmente, n├úo atendemos a contabilidade/manuten├º├úo mensal de MEI. Nossa especialidade ├® em empresas de maior porte, como Simples Nacional, Lucro Presumido e Lucro Real, al├®m de associa├º├Áes e entidades sem fins lucrativos.

No entanto, podemos ajudar com a regulariza├º├úo do seu MEI ou at├® mesmo transform├í-lo em uma Ltda, se for o caso. Se voc├¬ estiver interessado nisso, posso encaminhar para um de nossos especialistas para discutir mais sobre as op├º├Áes dispon├¡veis.

Se voc├¬ est├í procurando apenas por contabilidade mensal para o seu MEI, posso sugerir que procure outro servi├ºo especializado nisso. Lamento n├úo poder atender ├á sua necessidade nesse caso espec├¡fico. Voc├¬ gostaria de saber mais sobre a regulariza├º├úo ou transforma├º├úo do seu MEI?"
--------------------------------------------------

User: "Achei muito caro o servi├ºo de voc├¬s."
Roosevelt IA: "Entendo, muita gente compara s├│ pelo pre├ºo. O que acontece ├® que v├írios clientes que chegam at├® n├│s pagavam menos, mas n├úo recebiam nem metade do servi├ºo ÔÇö ou pior: pagavam muito mais imposto sem saber. Aqui voc├¬ n├úo paga s├│ contabilidade, voc├¬ paga tranquilidade, clareza e seguran├ºa para crescer sem dor de cabe├ºa.

Se voc├¬ tiver alguma d├║vida espec├¡fica sobre o que est├í inclu├¡do no nosso servi├ºo ou como podemos ajudar a sua empresa, posso tentar esclarecer. Caso contr├írio, se voc├¬ quiser saber mais sobre como podemos personalizar um plano para atender ├ás suas necessidades, posso encaminhar voc├¬ para preencher o nosso formul├írio de proposta. O que voc├¬ acha?"
--------------------------------------------------

User: "Vou abrir um Hospital, voc├¬s atendem?"
Roosevelt IA: "Infelizmente, n├úo atendemos hospitais. Nossa empresa tem um escopo espec├¡fico de atua├º├úo e hospitais n├úo est├úo inclu├¡dos. Se voc├¬ tiver alguma outra d├║vida ou precisar de ajuda com outro tipo de empresa, ficarei feliz em ajudar. Caso contr├írio, posso indicar que procure um especialista em contabilidade que atenda ao setor de sa├║de."
--------------------------------------------------
